// Jest Snapshot v1, https://goo.gl/fbAQLP

exports[`get child component AddTodo length 1`] = `"<div>111</div>"`;
